Archive member included to satisfy reference by file (symbol)

c:/program files (x86)/atmel/studio/7.0/toolchain/avr8/avr8-gnu-toolchain/bin/../lib/gcc/avr/5.4.0/../../../../avr/lib/avr5\libm.a(divsf3.o)
                              Services_Layer/LDR/LDR_interface.o (__divsf3)
c:/program files (x86)/atmel/studio/7.0/toolchain/avr8/avr8-gnu-toolchain/bin/../lib/gcc/avr/5.4.0/../../../../avr/lib/avr5\libm.a(divsf3x.o)
                              c:/program files (x86)/atmel/studio/7.0/toolchain/avr8/avr8-gnu-toolchain/bin/../lib/gcc/avr/5.4.0/../../../../avr/lib/avr5\libm.a(divsf3.o) (__divsf3x)
c:/program files (x86)/atmel/studio/7.0/toolchain/avr8/avr8-gnu-toolchain/bin/../lib/gcc/avr/5.4.0/../../../../avr/lib/avr5\libm.a(fixunssfsi.o)
                              Services_Layer/LDR/LDR_interface.o (__fixunssfsi)
c:/program files (x86)/atmel/studio/7.0/toolchain/avr8/avr8-gnu-toolchain/bin/../lib/gcc/avr/5.4.0/../../../../avr/lib/avr5\libm.a(floatsisf.o)
                              Services_Layer/LDR/LDR_interface.o (__floatunsisf)
c:/program files (x86)/atmel/studio/7.0/toolchain/avr8/avr8-gnu-toolchain/bin/../lib/gcc/avr/5.4.0/../../../../avr/lib/avr5\libm.a(fp_inf.o)
                              c:/program files (x86)/atmel/studio/7.0/toolchain/avr8/avr8-gnu-toolchain/bin/../lib/gcc/avr/5.4.0/../../../../avr/lib/avr5\libm.a(divsf3x.o) (__fp_inf)
c:/program files (x86)/atmel/studio/7.0/toolchain/avr8/avr8-gnu-toolchain/bin/../lib/gcc/avr/5.4.0/../../../../avr/lib/avr5\libm.a(fp_nan.o)
                              c:/program files (x86)/atmel/studio/7.0/toolchain/avr8/avr8-gnu-toolchain/bin/../lib/gcc/avr/5.4.0/../../../../avr/lib/avr5\libm.a(divsf3x.o) (__fp_nan)
c:/program files (x86)/atmel/studio/7.0/toolchain/avr8/avr8-gnu-toolchain/bin/../lib/gcc/avr/5.4.0/../../../../avr/lib/avr5\libm.a(fp_pscA.o)
                              c:/program files (x86)/atmel/studio/7.0/toolchain/avr8/avr8-gnu-toolchain/bin/../lib/gcc/avr/5.4.0/../../../../avr/lib/avr5\libm.a(divsf3x.o) (__fp_pscA)
c:/program files (x86)/atmel/studio/7.0/toolchain/avr8/avr8-gnu-toolchain/bin/../lib/gcc/avr/5.4.0/../../../../avr/lib/avr5\libm.a(fp_pscB.o)
                              c:/program files (x86)/atmel/studio/7.0/toolchain/avr8/avr8-gnu-toolchain/bin/../lib/gcc/avr/5.4.0/../../../../avr/lib/avr5\libm.a(divsf3x.o) (__fp_pscB)
c:/program files (x86)/atmel/studio/7.0/toolchain/avr8/avr8-gnu-toolchain/bin/../lib/gcc/avr/5.4.0/../../../../avr/lib/avr5\libm.a(fp_round.o)
                              c:/program files (x86)/atmel/studio/7.0/toolchain/avr8/avr8-gnu-toolchain/bin/../lib/gcc/avr/5.4.0/../../../../avr/lib/avr5\libm.a(divsf3.o) (__fp_round)
c:/program files (x86)/atmel/studio/7.0/toolchain/avr8/avr8-gnu-toolchain/bin/../lib/gcc/avr/5.4.0/../../../../avr/lib/avr5\libm.a(fp_split3.o)
                              c:/program files (x86)/atmel/studio/7.0/toolchain/avr8/avr8-gnu-toolchain/bin/../lib/gcc/avr/5.4.0/../../../../avr/lib/avr5\libm.a(divsf3x.o) (__fp_split3)
c:/program files (x86)/atmel/studio/7.0/toolchain/avr8/avr8-gnu-toolchain/bin/../lib/gcc/avr/5.4.0/../../../../avr/lib/avr5\libm.a(fp_zero.o)
                              c:/program files (x86)/atmel/studio/7.0/toolchain/avr8/avr8-gnu-toolchain/bin/../lib/gcc/avr/5.4.0/../../../../avr/lib/avr5\libm.a(fixunssfsi.o) (__fp_zero)
c:/program files (x86)/atmel/studio/7.0/toolchain/avr8/avr8-gnu-toolchain/bin/../lib/gcc/avr/5.4.0/avr5\libgcc.a(_udivmodsi4.o)
                              MCAL_Layer/I2C/hal_i2c.o (__udivmodsi4)
c:/program files (x86)/atmel/studio/7.0/toolchain/avr8/avr8-gnu-toolchain/bin/../lib/gcc/avr/5.4.0/avr5\libgcc.a(_exit.o)
                              C:/Program Files (x86)/Atmel/Studio/7.0/Packs/atmel/ATmega_DFP/1.7.374/gcc/dev/atmega32a/avr5/crtatmega32a.o (exit)
c:/program files (x86)/atmel/studio/7.0/toolchain/avr8/avr8-gnu-toolchain/bin/../lib/gcc/avr/5.4.0/avr5\libgcc.a(_tablejump2.o)
                              application.o (__tablejump2__)
c:/program files (x86)/atmel/studio/7.0/toolchain/avr8/avr8-gnu-toolchain/bin/../lib/gcc/avr/5.4.0/avr5\libgcc.a(_copy_data.o)
                              application.o (__do_copy_data)
c:/program files (x86)/atmel/studio/7.0/toolchain/avr8/avr8-gnu-toolchain/bin/../lib/gcc/avr/5.4.0/avr5\libgcc.a(_clear_bss.o)
                              application.o (__do_clear_bss)
c:/program files (x86)/atmel/studio/7.0/toolchain/avr8/avr8-gnu-toolchain/bin/../lib/gcc/avr/5.4.0/avr5\libgcc.a(_umulhisi3.o)
                              Services_Layer/LDR/LDR_interface.o (__umulhisi3)

Allocating common symbols
Common symbol       size              file

rx_buffer           0x1               application.o

Discarded input sections

 .data          0x00000000        0x0 C:/Program Files (x86)/Atmel/Studio/7.0/Packs/atmel/ATmega_DFP/1.7.374/gcc/dev/atmega32a/avr5/crtatmega32a.o
 .bss           0x00000000        0x0 C:/Program Files (x86)/Atmel/Studio/7.0/Packs/atmel/ATmega_DFP/1.7.374/gcc/dev/atmega32a/avr5/crtatmega32a.o
 .text          0x00000000        0x0 application.o
 .data          0x00000000        0x0 application.o
 .bss           0x00000000        0x0 application.o
 .text          0x00000000        0x0 ECU_Layer/LED/ecu_led.o
 .data          0x00000000        0x0 ECU_Layer/LED/ecu_led.o
 .bss           0x00000000        0x0 ECU_Layer/LED/ecu_led.o
 .text.led_turn_toggle
                0x00000000       0x50 ECU_Layer/LED/ecu_led.o
 .text          0x00000000        0x0 MCAL_Layer/ADC/hal_adc.o
 .data          0x00000000        0x0 MCAL_Layer/ADC/hal_adc.o
 .bss           0x00000000        0x0 MCAL_Layer/ADC/hal_adc.o
 .text.ADC_DeInit
                0x00000000       0x18 MCAL_Layer/ADC/hal_adc.o
 .text.ADC_SelectChannel
                0x00000000      0x156 MCAL_Layer/ADC/hal_adc.o
 .progmem.gcc_sw_table.ADC_SelectChannel
                0x00000000       0x20 MCAL_Layer/ADC/hal_adc.o
 .text.ADC_StartConversion
                0x00000000       0x12 MCAL_Layer/ADC/hal_adc.o
 .text.ADC_IsConversionDone
                0x00000000       0x2e MCAL_Layer/ADC/hal_adc.o
 .text.ADC_GetConversionResult
                0x00000000       0x74 MCAL_Layer/ADC/hal_adc.o
 .text.ADC_GetConversion_Blocking
                0x00000000       0x3e MCAL_Layer/ADC/hal_adc.o
 .text.ADC_StartConversion_Interrupt
                0x00000000       0x28 MCAL_Layer/ADC/hal_adc.o
 .text          0x00000000        0x0 MCAL_Layer/device_config.o
 .data          0x00000000        0x0 MCAL_Layer/device_config.o
 .bss           0x00000000        0x0 MCAL_Layer/device_config.o
 .debug_line    0x00000000        0x0 MCAL_Layer/device_config.o
 .debug_str     0x00000000      0x10b MCAL_Layer/device_config.o
 .comment       0x00000000       0x31 MCAL_Layer/device_config.o
 .text          0x00000000        0x0 MCAL_Layer/GPIO/hal_gpio.o
 .data          0x00000000        0x0 MCAL_Layer/GPIO/hal_gpio.o
 .bss           0x00000000        0x0 MCAL_Layer/GPIO/hal_gpio.o
 .text.gpio_pin_get_direction_status
                0x00000000       0x40 MCAL_Layer/GPIO/hal_gpio.o
 .text.gpio_pin_read_logic
                0x00000000       0x4a MCAL_Layer/GPIO/hal_gpio.o
 .text.gpio_pin_toggle_logic
                0x00000000       0x40 MCAL_Layer/GPIO/hal_gpio.o
 .text.gpio_port_direction_intialize
                0x00000000       0x20 MCAL_Layer/GPIO/hal_gpio.o
 .text.gpio_port_read_logic
                0x00000000       0x2e MCAL_Layer/GPIO/hal_gpio.o
 .text.gpio_port_write_logic
                0x00000000       0x20 MCAL_Layer/GPIO/hal_gpio.o
 .text.gpio_port_toggle_logic
                0x00000000       0x24 MCAL_Layer/GPIO/hal_gpio.o
 .data.pin_register
                0x00000000        0x8 MCAL_Layer/GPIO/hal_gpio.o
 .text          0x00000000        0x0 MCAL_Layer/I2C/hal_i2c.o
 .data          0x00000000        0x0 MCAL_Layer/I2C/hal_i2c.o
 .bss           0x00000000        0x0 MCAL_Layer/I2C/hal_i2c.o
 .text.i2c_wait_for_flag
                0x00000000       0x18 MCAL_Layer/I2C/hal_i2c.o
 .text.i2c_deinit
                0x00000000       0x18 MCAL_Layer/I2C/hal_i2c.o
 .text.i2c_master_start
                0x00000000       0x30 MCAL_Layer/I2C/hal_i2c.o
 .text.i2c_master_repeated_start
                0x00000000       0x30 MCAL_Layer/I2C/hal_i2c.o
 .text.i2c_master_stop
                0x00000000       0x1c MCAL_Layer/I2C/hal_i2c.o
 .text.i2c_master_write_address
                0x00000000       0x54 MCAL_Layer/I2C/hal_i2c.o
 .text.i2c_master_write_byte
                0x00000000       0x2c MCAL_Layer/I2C/hal_i2c.o
 .text.i2c_master_read_byte
                0x00000000       0x6e MCAL_Layer/I2C/hal_i2c.o
 .text.i2c_slave_write_byte
                0x00000000       0x2c MCAL_Layer/I2C/hal_i2c.o
 .text.i2c_slave_read_byte
                0x00000000       0x44 MCAL_Layer/I2C/hal_i2c.o
 .text          0x00000000        0x0 MCAL_Layer/Interrupt/mcal_internal_interrupt.o
 .data          0x00000000        0x0 MCAL_Layer/Interrupt/mcal_internal_interrupt.o
 .bss           0x00000000        0x0 MCAL_Layer/Interrupt/mcal_internal_interrupt.o
 .debug_info    0x00000000       0x6b MCAL_Layer/Interrupt/mcal_internal_interrupt.o
 .debug_abbrev  0x00000000       0x26 MCAL_Layer/Interrupt/mcal_internal_interrupt.o
 .debug_aranges
                0x00000000       0x18 MCAL_Layer/Interrupt/mcal_internal_interrupt.o
 .debug_line    0x00000000       0x1a MCAL_Layer/Interrupt/mcal_internal_interrupt.o
 .debug_str     0x00000000      0x1a8 MCAL_Layer/Interrupt/mcal_internal_interrupt.o
 .comment       0x00000000       0x31 MCAL_Layer/Interrupt/mcal_internal_interrupt.o
 .text          0x00000000        0x0 MCAL_Layer/Interrupt/mcal_external_interrupt.o
 .data          0x00000000        0x0 MCAL_Layer/Interrupt/mcal_external_interrupt.o
 .bss           0x00000000        0x0 MCAL_Layer/Interrupt/mcal_external_interrupt.o
 .text.Interrupt_INTx_Enable
                0x00000000       0x40 MCAL_Layer/Interrupt/mcal_external_interrupt.o
 .text.Interrupt_INTx_Disable
                0x00000000       0x3a MCAL_Layer/Interrupt/mcal_external_interrupt.o
 .text.Interrupt_INTx_Edge_Init
                0x00000000       0xa2 MCAL_Layer/Interrupt/mcal_external_interrupt.o
 .text.Interrupt_INTx_Clear_Flag
                0x00000000       0x2c MCAL_Layer/Interrupt/mcal_external_interrupt.o
 .text.INT0_SetInterruptHandler
                0x00000000       0x14 MCAL_Layer/Interrupt/mcal_external_interrupt.o
 .text.INT1_SetInterruptHandler
                0x00000000       0x14 MCAL_Layer/Interrupt/mcal_external_interrupt.o
 .text.INT2_SetInterruptHandler
                0x00000000       0x14 MCAL_Layer/Interrupt/mcal_external_interrupt.o
 .text.Interrupt_INTx_SetInterruptHandler
                0x00000000       0x3a MCAL_Layer/Interrupt/mcal_external_interrupt.o
 .text.Interrupt_INTx_Pin_Init
                0x00000000       0x10 MCAL_Layer/Interrupt/mcal_external_interrupt.o
 .text.Interrupt_INTx_Init
                0x00000000       0x46 MCAL_Layer/Interrupt/mcal_external_interrupt.o
 .text.Interrupt_INTx_DeInit
                0x00000000        0xe MCAL_Layer/Interrupt/mcal_external_interrupt.o
 .text          0x00000000        0x0 MCAL_Layer/Interrupt/mcal_interrupt_manger.o
 .data          0x00000000        0x0 MCAL_Layer/Interrupt/mcal_interrupt_manger.o
 .bss           0x00000000        0x0 MCAL_Layer/Interrupt/mcal_interrupt_manger.o
 .text          0x00000000        0x0 MCAL_Layer/Timer0/hal_timer0.o
 .data          0x00000000        0x0 MCAL_Layer/Timer0/hal_timer0.o
 .bss           0x00000000        0x0 MCAL_Layer/Timer0/hal_timer0.o
 .text.Timer0_DeInit
                0x00000000       0x34 MCAL_Layer/Timer0/hal_timer0.o
 .text          0x00000000        0x0 MCAL_Layer/Timer1/hal_timer1.o
 .data          0x00000000        0x0 MCAL_Layer/Timer1/hal_timer1.o
 .bss           0x00000000        0x0 MCAL_Layer/Timer1/hal_timer1.o
 .text.Timer1_DeInit
                0x00000000       0x58 MCAL_Layer/Timer1/hal_timer1.o
 .bss.timer1_preload
                0x00000000        0x2 MCAL_Layer/Timer1/hal_timer1.o
 .text          0x00000000        0x0 Services_Layer/LDR/LDR_interface.o
 .data          0x00000000        0x0 Services_Layer/LDR/LDR_interface.o
 .bss           0x00000000        0x0 Services_Layer/LDR/LDR_interface.o
 .text.dynamic_threshold_read
                0x00000000       0x98 Services_Layer/LDR/LDR_interface.o
 .text.LDR1_Read
                0x00000000       0x9a Services_Layer/LDR/LDR_interface.o
 .text.LDR2_Read
                0x00000000       0x9a Services_Layer/LDR/LDR_interface.o
 .text.LDR3_Read
                0x00000000       0x9a Services_Layer/LDR/LDR_interface.o
 .text.LDR4_Read
                0x00000000       0x9a Services_Layer/LDR/LDR_interface.o
 .text.LDRS_Automation
                0x00000000       0x72 Services_Layer/LDR/LDR_interface.o
 .text.dynamic_threshold_write
                0x00000000       0x24 Services_Layer/LDR/LDR_interface.o
 .bss.LDR4_Counter
                0x00000000        0x1 Services_Layer/LDR/LDR_interface.o
 .bss.LDR3_Counter
                0x00000000        0x1 Services_Layer/LDR/LDR_interface.o
 .bss.LDR2_Counter
                0x00000000        0x1 Services_Layer/LDR/LDR_interface.o
 .bss.LDR1_Counter
                0x00000000        0x1 Services_Layer/LDR/LDR_interface.o
 .bss.LDR4_res_4
                0x00000000        0x2 Services_Layer/LDR/LDR_interface.o
 .bss.LDR3_res_3
                0x00000000        0x2 Services_Layer/LDR/LDR_interface.o
 .bss.LDR2_res_2
                0x00000000        0x2 Services_Layer/LDR/LDR_interface.o
 .bss.LDR1_res_1
                0x00000000        0x2 Services_Layer/LDR/LDR_interface.o
 .bss.threshold_flag
                0x00000000        0x2 Services_Layer/LDR/LDR_interface.o
 .bss.dynamic_threshold
                0x00000000        0x2 Services_Layer/LDR/LDR_interface.o
 .bss.LDRs_SUM  0x00000000        0x2 Services_Layer/LDR/LDR_interface.o
 .bss.LDR4_SUM  0x00000000        0x2 Services_Layer/LDR/LDR_interface.o
 .bss.LDR3_SUM  0x00000000        0x2 Services_Layer/LDR/LDR_interface.o
 .bss.LDR2_SUM  0x00000000        0x2 Services_Layer/LDR/LDR_interface.o
 .bss.LDR1_SUM  0x00000000        0x2 Services_Layer/LDR/LDR_interface.o
 .bss.LDR4_Store
                0x00000000        0xa Services_Layer/LDR/LDR_interface.o
 .bss.LDR3_Store
                0x00000000        0xa Services_Layer/LDR/LDR_interface.o
 .bss.LDR2_Store
                0x00000000        0xa Services_Layer/LDR/LDR_interface.o
 .bss.LDR1_Store
                0x00000000        0xa Services_Layer/LDR/LDR_interface.o
 .text          0x00000000        0x0 Services_Layer/Lighting_ECU/lighting_interface.o
 .data          0x00000000        0x0 Services_Layer/Lighting_ECU/lighting_interface.o
 .bss           0x00000000        0x0 Services_Layer/Lighting_ECU/lighting_interface.o
 .text          0x00000000        0x0 c:/program files (x86)/atmel/studio/7.0/toolchain/avr8/avr8-gnu-toolchain/bin/../lib/gcc/avr/5.4.0/../../../../avr/lib/avr5\libm.a(divsf3.o)
 .data          0x00000000        0x0 c:/program files (x86)/atmel/studio/7.0/toolchain/avr8/avr8-gnu-toolchain/bin/../lib/gcc/avr/5.4.0/../../../../avr/lib/avr5\libm.a(divsf3.o)
 .bss           0x00000000        0x0 c:/program files (x86)/atmel/studio/7.0/toolchain/avr8/avr8-gnu-toolchain/bin/../lib/gcc/avr/5.4.0/../../../../avr/lib/avr5\libm.a(divsf3.o)
 .text.avr-libc.fplib
                0x00000000        0x8 c:/program files (x86)/atmel/studio/7.0/toolchain/avr8/avr8-gnu-toolchain/bin/../lib/gcc/avr/5.4.0/../../../../avr/lib/avr5\libm.a(divsf3.o)
 .text          0x00000000        0x0 c:/program files (x86)/atmel/studio/7.0/toolchain/avr8/avr8-gnu-toolchain/bin/../lib/gcc/avr/5.4.0/../../../../avr/lib/avr5\libm.a(divsf3x.o)
 .data          0x00000000        0x0 c:/program files (x86)/atmel/studio/7.0/toolchain/avr8/avr8-gnu-toolchain/bin/../lib/gcc/avr/5.4.0/../../../../avr/lib/avr5\libm.a(divsf3x.o)
 .bss           0x00000000        0x0 c:/program files (x86)/atmel/studio/7.0/toolchain/avr8/avr8-gnu-toolchain/bin/../lib/gcc/avr/5.4.0/../../../../avr/lib/avr5\libm.a(divsf3x.o)
 .text.avr-libc.fplib
                0x00000000       0xdc c:/program files (x86)/atmel/studio/7.0/toolchain/avr8/avr8-gnu-toolchain/bin/../lib/gcc/avr/5.4.0/../../../../avr/lib/avr5\libm.a(divsf3x.o)
 .text          0x00000000        0x0 c:/program files (x86)/atmel/studio/7.0/toolchain/avr8/avr8-gnu-toolchain/bin/../lib/gcc/avr/5.4.0/../../../../avr/lib/avr5\libm.a(fixunssfsi.o)
 .data          0x00000000        0x0 c:/program files (x86)/atmel/studio/7.0/toolchain/avr8/avr8-gnu-toolchain/bin/../lib/gcc/avr/5.4.0/../../../../avr/lib/avr5\libm.a(fixunssfsi.o)
 .bss           0x00000000        0x0 c:/program files (x86)/atmel/studio/7.0/toolchain/avr8/avr8-gnu-toolchain/bin/../lib/gcc/avr/5.4.0/../../../../avr/lib/avr5\libm.a(fixunssfsi.o)
 .text.avr-libc.fplib
                0x00000000       0x5e c:/program files (x86)/atmel/studio/7.0/toolchain/avr8/avr8-gnu-toolchain/bin/../lib/gcc/avr/5.4.0/../../../../avr/lib/avr5\libm.a(fixunssfsi.o)
 .text          0x00000000        0x0 c:/program files (x86)/atmel/studio/7.0/toolchain/avr8/avr8-gnu-toolchain/bin/../lib/gcc/avr/5.4.0/../../../../avr/lib/avr5\libm.a(floatsisf.o)
 .data          0x00000000        0x0 c:/program files (x86)/atmel/studio/7.0/toolchain/avr8/avr8-gnu-toolchain/bin/../lib/gcc/avr/5.4.0/../../../../avr/lib/avr5\libm.a(floatsisf.o)
 .bss           0x00000000        0x0 c:/program files (x86)/atmel/studio/7.0/toolchain/avr8/avr8-gnu-toolchain/bin/../lib/gcc/avr/5.4.0/../../../../avr/lib/avr5\libm.a(floatsisf.o)
 .text.avr-libc.fplib
                0x00000000       0x7a c:/program files (x86)/atmel/studio/7.0/toolchain/avr8/avr8-gnu-toolchain/bin/../lib/gcc/avr/5.4.0/../../../../avr/lib/avr5\libm.a(floatsisf.o)
 .text          0x00000000        0x0 c:/program files (x86)/atmel/studio/7.0/toolchain/avr8/avr8-gnu-toolchain/bin/../lib/gcc/avr/5.4.0/../../../../avr/lib/avr5\libm.a(fp_inf.o)
 .data          0x00000000        0x0 c:/program files (x86)/atmel/studio/7.0/toolchain/avr8/avr8-gnu-toolchain/bin/../lib/gcc/avr/5.4.0/../../../../avr/lib/avr5\libm.a(fp_inf.o)
 .bss           0x00000000        0x0 c:/program files (x86)/atmel/studio/7.0/toolchain/avr8/avr8-gnu-toolchain/bin/../lib/gcc/avr/5.4.0/../../../../avr/lib/avr5\libm.a(fp_inf.o)
 .text.avr-libc.fplib
                0x00000000        0xc c:/program files (x86)/atmel/studio/7.0/toolchain/avr8/avr8-gnu-toolchain/bin/../lib/gcc/avr/5.4.0/../../../../avr/lib/avr5\libm.a(fp_inf.o)
 .text          0x00000000        0x0 c:/program files (x86)/atmel/studio/7.0/toolchain/avr8/avr8-gnu-toolchain/bin/../lib/gcc/avr/5.4.0/../../../../avr/lib/avr5\libm.a(fp_nan.o)
 .data          0x00000000        0x0 c:/program files (x86)/atmel/studio/7.0/toolchain/avr8/avr8-gnu-toolchain/bin/../lib/gcc/avr/5.4.0/../../../../avr/lib/avr5\libm.a(fp_nan.o)
 .bss           0x00000000        0x0 c:/program files (x86)/atmel/studio/7.0/toolchain/avr8/avr8-gnu-toolchain/bin/../lib/gcc/avr/5.4.0/../../../../avr/lib/avr5\libm.a(fp_nan.o)
 .text.avr-libc.fplib
                0x00000000        0x6 c:/program files (x86)/atmel/studio/7.0/toolchain/avr8/avr8-gnu-toolchain/bin/../lib/gcc/avr/5.4.0/../../../../avr/lib/avr5\libm.a(fp_nan.o)
 .text          0x00000000        0x0 c:/program files (x86)/atmel/studio/7.0/toolchain/avr8/avr8-gnu-toolchain/bin/../lib/gcc/avr/5.4.0/../../../../avr/lib/avr5\libm.a(fp_pscA.o)
 .data          0x00000000        0x0 c:/program files (x86)/atmel/studio/7.0/toolchain/avr8/avr8-gnu-toolchain/bin/../lib/gcc/avr/5.4.0/../../../../avr/lib/avr5\libm.a(fp_pscA.o)
 .bss           0x00000000        0x0 c:/program files (x86)/atmel/studio/7.0/toolchain/avr8/avr8-gnu-toolchain/bin/../lib/gcc/avr/5.4.0/../../../../avr/lib/avr5\libm.a(fp_pscA.o)
 .text.avr-libc.fplib
                0x00000000        0xe c:/program files (x86)/atmel/studio/7.0/toolchain/avr8/avr8-gnu-toolchain/bin/../lib/gcc/avr/5.4.0/../../../../avr/lib/avr5\libm.a(fp_pscA.o)
 .text          0x00000000        0x0 c:/program files (x86)/atmel/studio/7.0/toolchain/avr8/avr8-gnu-toolchain/bin/../lib/gcc/avr/5.4.0/../../../../avr/lib/avr5\libm.a(fp_pscB.o)
 .data          0x00000000        0x0 c:/program files (x86)/atmel/studio/7.0/toolchain/avr8/avr8-gnu-toolchain/bin/../lib/gcc/avr/5.4.0/../../../../avr/lib/avr5\libm.a(fp_pscB.o)
 .bss           0x00000000        0x0 c:/program files (x86)/atmel/studio/7.0/toolchain/avr8/avr8-gnu-toolchain/bin/../lib/gcc/avr/5.4.0/../../../../avr/lib/avr5\libm.a(fp_pscB.o)
 .text.avr-libc.fplib
                0x00000000        0xe c:/program files (x86)/atmel/studio/7.0/toolchain/avr8/avr8-gnu-toolchain/bin/../lib/gcc/avr/5.4.0/../../../../avr/lib/avr5\libm.a(fp_pscB.o)
 .text          0x00000000        0x0 c:/program files (x86)/atmel/studio/7.0/toolchain/avr8/avr8-gnu-toolchain/bin/../lib/gcc/avr/5.4.0/../../../../avr/lib/avr5\libm.a(fp_round.o)
 .data          0x00000000        0x0 c:/program files (x86)/atmel/studio/7.0/toolchain/avr8/avr8-gnu-toolchain/bin/../lib/gcc/avr/5.4.0/../../../../avr/lib/avr5\libm.a(fp_round.o)
 .bss           0x00000000        0x0 c:/program files (x86)/atmel/studio/7.0/toolchain/avr8/avr8-gnu-toolchain/bin/../lib/gcc/avr/5.4.0/../../../../avr/lib/avr5\libm.a(fp_round.o)
 .text.avr-libc.fplib
                0x00000000       0x22 c:/program files (x86)/atmel/studio/7.0/toolchain/avr8/avr8-gnu-toolchain/bin/../lib/gcc/avr/5.4.0/../../../../avr/lib/avr5\libm.a(fp_round.o)
 .text          0x00000000        0x0 c:/program files (x86)/atmel/studio/7.0/toolchain/avr8/avr8-gnu-toolchain/bin/../lib/gcc/avr/5.4.0/../../../../avr/lib/avr5\libm.a(fp_split3.o)
 .data          0x00000000        0x0 c:/program files (x86)/atmel/studio/7.0/toolchain/avr8/avr8-gnu-toolchain/bin/../lib/gcc/avr/5.4.0/../../../../avr/lib/avr5\libm.a(fp_split3.o)
 .bss           0x00000000        0x0 c:/program files (x86)/atmel/studio/7.0/toolchain/avr8/avr8-gnu-toolchain/bin/../lib/gcc/avr/5.4.0/../../../../avr/lib/avr5\libm.a(fp_split3.o)
 .text.avr-libc.fplib
                0x00000000       0x44 c:/program files (x86)/atmel/studio/7.0/toolchain/avr8/avr8-gnu-toolchain/bin/../lib/gcc/avr/5.4.0/../../../../avr/lib/avr5\libm.a(fp_split3.o)
 .text          0x00000000        0x0 c:/program files (x86)/atmel/studio/7.0/toolchain/avr8/avr8-gnu-toolchain/bin/../lib/gcc/avr/5.4.0/../../../../avr/lib/avr5\libm.a(fp_zero.o)
 .data          0x00000000        0x0 c:/program files (x86)/atmel/studio/7.0/toolchain/avr8/avr8-gnu-toolchain/bin/../lib/gcc/avr/5.4.0/../../../../avr/lib/avr5\libm.a(fp_zero.o)
 .bss           0x00000000        0x0 c:/program files (x86)/atmel/studio/7.0/toolchain/avr8/avr8-gnu-toolchain/bin/../lib/gcc/avr/5.4.0/../../../../avr/lib/avr5\libm.a(fp_zero.o)
 .text.avr-libc.fplib
                0x00000000        0xe c:/program files (x86)/atmel/studio/7.0/toolchain/avr8/avr8-gnu-toolchain/bin/../lib/gcc/avr/5.4.0/../../../../avr/lib/avr5\libm.a(fp_zero.o)
 .text          0x00000000        0x0 c:/program files (x86)/atmel/studio/7.0/toolchain/avr8/avr8-gnu-toolchain/bin/../lib/gcc/avr/5.4.0/avr5\libgcc.a(_udivmodsi4.o)
 .data          0x00000000        0x0 c:/program files (x86)/atmel/studio/7.0/toolchain/avr8/avr8-gnu-toolchain/bin/../lib/gcc/avr/5.4.0/avr5\libgcc.a(_udivmodsi4.o)
 .bss           0x00000000        0x0 c:/program files (x86)/atmel/studio/7.0/toolchain/avr8/avr8-gnu-toolchain/bin/../lib/gcc/avr/5.4.0/avr5\libgcc.a(_udivmodsi4.o)
 .text.libgcc.mul
                0x00000000        0x0 c:/program files (x86)/atmel/studio/7.0/toolchain/avr8/avr8-gnu-toolchain/bin/../lib/gcc/avr/5.4.0/avr5\libgcc.a(_udivmodsi4.o)
 .text.libgcc   0x00000000        0x0 c:/program files (x86)/atmel/studio/7.0/toolchain/avr8/avr8-gnu-toolchain/bin/../lib/gcc/avr/5.4.0/avr5\libgcc.a(_udivmodsi4.o)
 .text.libgcc.prologue
                0x00000000        0x0 c:/program files (x86)/atmel/studio/7.0/toolchain/avr8/avr8-gnu-toolchain/bin/../lib/gcc/avr/5.4.0/avr5\libgcc.a(_udivmodsi4.o)
 .text.libgcc.builtins
                0x00000000        0x0 c:/program files (x86)/atmel/studio/7.0/toolchain/avr8/avr8-gnu-toolchain/bin/../lib/gcc/avr/5.4.0/avr5\libgcc.a(_udivmodsi4.o)
 .text.libgcc.fmul
                0x00000000        0x0 c:/program files (x86)/atmel/studio/7.0/toolchain/avr8/avr8-gnu-toolchain/bin/../lib/gcc/avr/5.4.0/avr5\libgcc.a(_udivmodsi4.o)
 .text.libgcc.fixed
                0x00000000        0x0 c:/program files (x86)/atmel/studio/7.0/toolchain/avr8/avr8-gnu-toolchain/bin/../lib/gcc/avr/5.4.0/avr5\libgcc.a(_udivmodsi4.o)
 .text          0x00000000        0x0 c:/program files (x86)/atmel/studio/7.0/toolchain/avr8/avr8-gnu-toolchain/bin/../lib/gcc/avr/5.4.0/avr5\libgcc.a(_exit.o)
 .data          0x00000000        0x0 c:/program files (x86)/atmel/studio/7.0/toolchain/avr8/avr8-gnu-toolchain/bin/../lib/gcc/avr/5.4.0/avr5\libgcc.a(_exit.o)
 .bss           0x00000000        0x0 c:/program files (x86)/atmel/studio/7.0/toolchain/avr8/avr8-gnu-toolchain/bin/../lib/gcc/avr/5.4.0/avr5\libgcc.a(_exit.o)
 .text.libgcc.mul
                0x00000000        0x0 c:/program files (x86)/atmel/studio/7.0/toolchain/avr8/avr8-gnu-toolchain/bin/../lib/gcc/avr/5.4.0/avr5\libgcc.a(_exit.o)
 .text.libgcc.div
                0x00000000        0x0 c:/program files (x86)/atmel/studio/7.0/toolchain/avr8/avr8-gnu-toolchain/bin/../lib/gcc/avr/5.4.0/avr5\libgcc.a(_exit.o)
 .text.libgcc   0x00000000        0x0 c:/program files (x86)/atmel/studio/7.0/toolchain/avr8/avr8-gnu-toolchain/bin/../lib/gcc/avr/5.4.0/avr5\libgcc.a(_exit.o)
 .text.libgcc.prologue
                0x00000000        0x0 c:/program files (x86)/atmel/studio/7.0/toolchain/avr8/avr8-gnu-toolchain/bin/../lib/gcc/avr/5.4.0/avr5\libgcc.a(_exit.o)
 .text.libgcc.builtins
                0x00000000        0x0 c:/program files (x86)/atmel/studio/7.0/toolchain/avr8/avr8-gnu-toolchain/bin/../lib/gcc/avr/5.4.0/avr5\libgcc.a(_exit.o)
 .text.libgcc.fmul
                0x00000000        0x0 c:/program files (x86)/atmel/studio/7.0/toolchain/avr8/avr8-gnu-toolchain/bin/../lib/gcc/avr/5.4.0/avr5\libgcc.a(_exit.o)
 .text.libgcc.fixed
                0x00000000        0x0 c:/program files (x86)/atmel/studio/7.0/toolchain/avr8/avr8-gnu-toolchain/bin/../lib/gcc/avr/5.4.0/avr5\libgcc.a(_exit.o)
 .text          0x00000000        0x0 c:/program files (x86)/atmel/studio/7.0/toolchain/avr8/avr8-gnu-toolchain/bin/../lib/gcc/avr/5.4.0/avr5\libgcc.a(_tablejump2.o)
 .data          0x00000000        0x0 c:/program files (x86)/atmel/studio/7.0/toolchain/avr8/avr8-gnu-toolchain/bin/../lib/gcc/avr/5.4.0/avr5\libgcc.a(_tablejump2.o)
 .bss           0x00000000        0x0 c:/program files (x86)/atmel/studio/7.0/toolchain/avr8/avr8-gnu-toolchain/bin/../lib/gcc/avr/5.4.0/avr5\libgcc.a(_tablejump2.o)
 .text.libgcc.mul
                0x00000000        0x0 c:/program files (x86)/atmel/studio/7.0/toolchain/avr8/avr8-gnu-toolchain/bin/../lib/gcc/avr/5.4.0/avr5\libgcc.a(_tablejump2.o)
 .text.libgcc.div
                0x00000000        0x0 c:/program files (x86)/atmel/studio/7.0/toolchain/avr8/avr8-gnu-toolchain/bin/../lib/gcc/avr/5.4.0/avr5\libgcc.a(_tablejump2.o)
 .text.libgcc.prologue
                0x00000000        0x0 c:/program files (x86)/atmel/studio/7.0/toolchain/avr8/avr8-gnu-toolchain/bin/../lib/gcc/avr/5.4.0/avr5\libgcc.a(_tablejump2.o)
 .text.libgcc.builtins
                0x00000000        0x0 c:/program files (x86)/atmel/studio/7.0/toolchain/avr8/avr8-gnu-toolchain/bin/../lib/gcc/avr/5.4.0/avr5\libgcc.a(_tablejump2.o)
 .text.libgcc.fmul
                0x00000000        0x0 c:/program files (x86)/atmel/studio/7.0/toolchain/avr8/avr8-gnu-toolchain/bin/../lib/gcc/avr/5.4.0/avr5\libgcc.a(_tablejump2.o)
 .text.libgcc.fixed
                0x00000000        0x0 c:/program files (x86)/atmel/studio/7.0/toolchain/avr8/avr8-gnu-toolchain/bin/../lib/gcc/avr/5.4.0/avr5\libgcc.a(_tablejump2.o)
 .text          0x00000000        0x0 c:/program files (x86)/atmel/studio/7.0/toolchain/avr8/avr8-gnu-toolchain/bin/../lib/gcc/avr/5.4.0/avr5\libgcc.a(_copy_data.o)
 .data          0x00000000        0x0 c:/program files (x86)/atmel/studio/7.0/toolchain/avr8/avr8-gnu-toolchain/bin/../lib/gcc/avr/5.4.0/avr5\libgcc.a(_copy_data.o)
 .bss           0x00000000        0x0 c:/program files (x86)/atmel/studio/7.0/toolchain/avr8/avr8-gnu-toolchain/bin/../lib/gcc/avr/5.4.0/avr5\libgcc.a(_copy_data.o)
 .text.libgcc.mul
                0x00000000        0x0 c:/program files (x86)/atmel/studio/7.0/toolchain/avr8/avr8-gnu-toolchain/bin/../lib/gcc/avr/5.4.0/avr5\libgcc.a(_copy_data.o)
 .text.libgcc.div
                0x00000000        0x0 c:/program files (x86)/atmel/studio/7.0/toolchain/avr8/avr8-gnu-toolchain/bin/../lib/gcc/avr/5.4.0/avr5\libgcc.a(_copy_data.o)
 .text.libgcc   0x00000000        0x0 c:/program files (x86)/atmel/studio/7.0/toolchain/avr8/avr8-gnu-toolchain/bin/../lib/gcc/avr/5.4.0/avr5\libgcc.a(_copy_data.o)
 .text.libgcc.prologue
                0x00000000        0x0 c:/program files (x86)/atmel/studio/7.0/toolchain/avr8/avr8-gnu-toolchain/bin/../lib/gcc/avr/5.4.0/avr5\libgcc.a(_copy_data.o)
 .text.libgcc.builtins
                0x00000000        0x0 c:/program files (x86)/atmel/studio/7.0/toolchain/avr8/avr8-gnu-toolchain/bin/../lib/gcc/avr/5.4.0/avr5\libgcc.a(_copy_data.o)
 .text.libgcc.fmul
                0x00000000        0x0 c:/program files (x86)/atmel/studio/7.0/toolchain/avr8/avr8-gnu-toolchain/bin/../lib/gcc/avr/5.4.0/avr5\libgcc.a(_copy_data.o)
 .text.libgcc.fixed
                0x00000000        0x0 c:/program files (x86)/atmel/studio/7.0/toolchain/avr8/avr8-gnu-toolchain/bin/../lib/gcc/avr/5.4.0/avr5\libgcc.a(_copy_data.o)
 .text          0x00000000        0x0 c:/program files (x86)/atmel/studio/7.0/toolchain/avr8/avr8-gnu-toolchain/bin/../lib/gcc/avr/5.4.0/avr5\libgcc.a(_clear_bss.o)
 .data          0x00000000        0x0 c:/program files (x86)/atmel/studio/7.0/toolchain/avr8/avr8-gnu-toolchain/bin/../lib/gcc/avr/5.4.0/avr5\libgcc.a(_clear_bss.o)
 .bss           0x00000000        0x0 c:/program files (x86)/atmel/studio/7.0/toolchain/avr8/avr8-gnu-toolchain/bin/../lib/gcc/avr/5.4.0/avr5\libgcc.a(_clear_bss.o)
 .text.libgcc.mul
                0x00000000        0x0 c:/program files (x86)/atmel/studio/7.0/toolchain/avr8/avr8-gnu-toolchain/bin/../lib/gcc/avr/5.4.0/avr5\libgcc.a(_clear_bss.o)
 .text.libgcc.div
                0x00000000        0x0 c:/program files (x86)/atmel/studio/7.0/toolchain/avr8/avr8-gnu-toolchain/bin/../lib/gcc/avr/5.4.0/avr5\libgcc.a(_clear_bss.o)
 .text.libgcc   0x00000000        0x0 c:/program files (x86)/atmel/studio/7.0/toolchain/avr8/avr8-gnu-toolchain/bin/../lib/gcc/avr/5.4.0/avr5\libgcc.a(_clear_bss.o)
 .text.libgcc.prologue
                0x00000000        0x0 c:/program files (x86)/atmel/studio/7.0/toolchain/avr8/avr8-gnu-toolchain/bin/../lib/gcc/avr/5.4.0/avr5\libgcc.a(_clear_bss.o)
 .text.libgcc.builtins
                0x00000000        0x0 c:/program files (x86)/atmel/studio/7.0/toolchain/avr8/avr8-gnu-toolchain/bin/../lib/gcc/avr/5.4.0/avr5\libgcc.a(_clear_bss.o)
 .text.libgcc.fmul
                0x00000000        0x0 c:/program files (x86)/atmel/studio/7.0/toolchain/avr8/avr8-gnu-toolchain/bin/../lib/gcc/avr/5.4.0/avr5\libgcc.a(_clear_bss.o)
 .text.libgcc.fixed
                0x00000000        0x0 c:/program files (x86)/atmel/studio/7.0/toolchain/avr8/avr8-gnu-toolchain/bin/../lib/gcc/avr/5.4.0/avr5\libgcc.a(_clear_bss.o)
 .text          0x00000000        0x0 c:/program files (x86)/atmel/studio/7.0/toolchain/avr8/avr8-gnu-toolchain/bin/../lib/gcc/avr/5.4.0/avr5\libgcc.a(_umulhisi3.o)
 .data          0x00000000        0x0 c:/program files (x86)/atmel/studio/7.0/toolchain/avr8/avr8-gnu-toolchain/bin/../lib/gcc/avr/5.4.0/avr5\libgcc.a(_umulhisi3.o)
 .bss           0x00000000        0x0 c:/program files (x86)/atmel/studio/7.0/toolchain/avr8/avr8-gnu-toolchain/bin/../lib/gcc/avr/5.4.0/avr5\libgcc.a(_umulhisi3.o)
 .text.libgcc.mul
                0x00000000       0x1e c:/program files (x86)/atmel/studio/7.0/toolchain/avr8/avr8-gnu-toolchain/bin/../lib/gcc/avr/5.4.0/avr5\libgcc.a(_umulhisi3.o)
 .text.libgcc.div
                0x00000000        0x0 c:/program files (x86)/atmel/studio/7.0/toolchain/avr8/avr8-gnu-toolchain/bin/../lib/gcc/avr/5.4.0/avr5\libgcc.a(_umulhisi3.o)
 .text.libgcc   0x00000000        0x0 c:/program files (x86)/atmel/studio/7.0/toolchain/avr8/avr8-gnu-toolchain/bin/../lib/gcc/avr/5.4.0/avr5\libgcc.a(_umulhisi3.o)
 .text.libgcc.prologue
                0x00000000        0x0 c:/program files (x86)/atmel/studio/7.0/toolchain/avr8/avr8-gnu-toolchain/bin/../lib/gcc/avr/5.4.0/avr5\libgcc.a(_umulhisi3.o)
 .text.libgcc.builtins
                0x00000000        0x0 c:/program files (x86)/atmel/studio/7.0/toolchain/avr8/avr8-gnu-toolchain/bin/../lib/gcc/avr/5.4.0/avr5\libgcc.a(_umulhisi3.o)
 .text.libgcc.fmul
                0x00000000        0x0 c:/program files (x86)/atmel/studio/7.0/toolchain/avr8/avr8-gnu-toolchain/bin/../lib/gcc/avr/5.4.0/avr5\libgcc.a(_umulhisi3.o)
 .text.libgcc.fixed
                0x00000000        0x0 c:/program files (x86)/atmel/studio/7.0/toolchain/avr8/avr8-gnu-toolchain/bin/../lib/gcc/avr/5.4.0/avr5\libgcc.a(_umulhisi3.o)

Memory Configuration

Name             Origin             Length             Attributes
text             0x00000000         0x00008000         xr
data             0x00800060         0x00000800         rw !x
eeprom           0x00810000         0x00000400         rw !x
fuse             0x00820000         0x00000002         rw !x
lock             0x00830000         0x00000400         rw !x
signature        0x00840000         0x00000400         rw !x
user_signatures  0x00850000         0x00000400         rw !x
*default*        0x00000000         0xffffffff

Linker script and memory map

LOAD C:/Program Files (x86)/Atmel/Studio/7.0/Packs/atmel/ATmega_DFP/1.7.374/gcc/dev/atmega32a/avr5/crtatmega32a.o
LOAD application.o
LOAD ECU_Layer/LED/ecu_led.o
LOAD MCAL_Layer/ADC/hal_adc.o
LOAD MCAL_Layer/device_config.o
LOAD MCAL_Layer/GPIO/hal_gpio.o
LOAD MCAL_Layer/I2C/hal_i2c.o
LOAD MCAL_Layer/Interrupt/mcal_internal_interrupt.o
LOAD MCAL_Layer/Interrupt/mcal_external_interrupt.o
LOAD MCAL_Layer/Interrupt/mcal_interrupt_manger.o
LOAD MCAL_Layer/Timer0/hal_timer0.o
LOAD MCAL_Layer/Timer1/hal_timer1.o
LOAD Services_Layer/LDR/LDR_interface.o
LOAD Services_Layer/Lighting_ECU/lighting_interface.o
START GROUP
LOAD c:/program files (x86)/atmel/studio/7.0/toolchain/avr8/avr8-gnu-toolchain/bin/../lib/gcc/avr/5.4.0/../../../../avr/lib/avr5\libm.a
END GROUP
START GROUP
LOAD c:/program files (x86)/atmel/studio/7.0/toolchain/avr8/avr8-gnu-toolchain/bin/../lib/gcc/avr/5.4.0/avr5\libgcc.a
LOAD c:/program files (x86)/atmel/studio/7.0/toolchain/avr8/avr8-gnu-toolchain/bin/../lib/gcc/avr/5.4.0/../../../../avr/lib/avr5\libm.a
LOAD c:/program files (x86)/atmel/studio/7.0/toolchain/avr8/avr8-gnu-toolchain/bin/../lib/gcc/avr/5.4.0/../../../../avr/lib/avr5\libc.a
LOAD C:/Program Files (x86)/Atmel/Studio/7.0/Packs/atmel/ATmega_DFP/1.7.374/gcc/dev/atmega32a/avr5\libatmega32a.a
END GROUP
                [0x00000000]                __TEXT_REGION_ORIGIN__ = DEFINED (__TEXT_REGION_ORIGIN__)?__TEXT_REGION_ORIGIN__:0x0
                [0x00800060]                __DATA_REGION_ORIGIN__ = DEFINED (__DATA_REGION_ORIGIN__)?__DATA_REGION_ORIGIN__:0x800060
                [0x00008000]                __TEXT_REGION_LENGTH__ = DEFINED (__TEXT_REGION_LENGTH__)?__TEXT_REGION_LENGTH__:0x20000
                [0x00000800]                __DATA_REGION_LENGTH__ = DEFINED (__DATA_REGION_LENGTH__)?__DATA_REGION_LENGTH__:0xffa0
                [0x00000400]                __EEPROM_REGION_LENGTH__ = DEFINED (__EEPROM_REGION_LENGTH__)?__EEPROM_REGION_LENGTH__:0x10000
                [0x00000002]                __FUSE_REGION_LENGTH__ = DEFINED (__FUSE_REGION_LENGTH__)?__FUSE_REGION_LENGTH__:0x400
                0x00000400                __LOCK_REGION_LENGTH__ = DEFINED (__LOCK_REGION_LENGTH__)?__LOCK_REGION_LENGTH__:0x400
                0x00000400                __SIGNATURE_REGION_LENGTH__ = DEFINED (__SIGNATURE_REGION_LENGTH__)?__SIGNATURE_REGION_LENGTH__:0x400
                0x00000400                __USER_SIGNATURE_REGION_LENGTH__ = DEFINED (__USER_SIGNATURE_REGION_LENGTH__)?__USER_SIGNATURE_REGION_LENGTH__:0x400

.hash
 *(.hash)

.dynsym
 *(.dynsym)

.dynstr
 *(.dynstr)

.gnu.version
 *(.gnu.version)

.gnu.version_d
 *(.gnu.version_d)

.gnu.version_r
 *(.gnu.version_r)

.rel.init
 *(.rel.init)

.rela.init
 *(.rela.init)

.rel.text
 *(.rel.text)
 *(.rel.text.*)
 *(.rel.gnu.linkonce.t*)

.rela.text
 *(.rela.text)
 *(.rela.text.*)
 *(.rela.gnu.linkonce.t*)

.rel.fini
 *(.rel.fini)

.rela.fini
 *(.rela.fini)

.rel.rodata
 *(.rel.rodata)
 *(.rel.rodata.*)
 *(.rel.gnu.linkonce.r*)

.rela.rodata
 *(.rela.rodata)
 *(.rela.rodata.*)
 *(.rela.gnu.linkonce.r*)

.rel.data
 *(.rel.data)
 *(.rel.data.*)
 *(.rel.gnu.linkonce.d*)

.rela.data
 *(.rela.data)
 *(.rela.data.*)
 *(.rela.gnu.linkonce.d*)

.rel.ctors
 *(.rel.ctors)

.rela.ctors
 *(.rela.ctors)

.rel.dtors
 *(.rel.dtors)

.rela.dtors
 *(.rela.dtors)

.rel.got
 *(.rel.got)

.rela.got
 *(.rela.got)

.rel.bss
 *(.rel.bss)

.rela.bss
 *(.rela.bss)

.rel.plt
 *(.rel.plt)

.rela.plt
 *(.rela.plt)

.text           0x00000000     0x15a0
 *(.vectors)
 .vectors       0x00000000       0x54 C:/Program Files (x86)/Atmel/Studio/7.0/Packs/atmel/ATmega_DFP/1.7.374/gcc/dev/atmega32a/avr5/crtatmega32a.o
                0x00000000                __vector_default
                0x00000000                __vectors
 *(.vectors)
 *(.progmem.gcc*)
 .progmem.gcc_sw_table.main
                0x00000054       0x20 application.o
 .progmem.gcc_sw_table.ADC_Init
                0x00000074       0x2e MCAL_Layer/ADC/hal_adc.o
                0x000000a2                . = ALIGN (0x2)
                0x000000a2                __trampolines_start = .
 *(.trampolines)
 .trampolines   0x000000a2        0x0 linker stubs
 *(.trampolines*)
                0x000000a2                __trampolines_end = .
 *libprintf_flt.a:*(.progmem.data)
 *libc.a:*(.progmem.data)
 *(.progmem*)
                0x000000a2                . = ALIGN (0x2)
 *(.jumptables)
 *(.jumptables*)
 *(.lowtext)
 *(.lowtext*)
                0x000000a2                __ctors_start = .
 *(.ctors)
                0x000000a2                __ctors_end = .
                0x000000a2                __dtors_start = .
 *(.dtors)
                0x000000a2                __dtors_end = .
 SORT(*)(.ctors)
 SORT(*)(.dtors)
 *(.init0)
 .init0         0x000000a2        0x0 C:/Program Files (x86)/Atmel/Studio/7.0/Packs/atmel/ATmega_DFP/1.7.374/gcc/dev/atmega32a/avr5/crtatmega32a.o
                0x000000a2                __init
 *(.init0)
 *(.init1)
 *(.init1)
 *(.init2)
 .init2         0x000000a2        0xc C:/Program Files (x86)/Atmel/Studio/7.0/Packs/atmel/ATmega_DFP/1.7.374/gcc/dev/atmega32a/avr5/crtatmega32a.o
 *(.init2)
 *(.init3)
 *(.init3)
 *(.init4)
 .init4         0x000000ae       0x16 c:/program files (x86)/atmel/studio/7.0/toolchain/avr8/avr8-gnu-toolchain/bin/../lib/gcc/avr/5.4.0/avr5\libgcc.a(_copy_data.o)
                0x000000ae                __do_copy_data
 .init4         0x000000c4       0x10 c:/program files (x86)/atmel/studio/7.0/toolchain/avr8/avr8-gnu-toolchain/bin/../lib/gcc/avr/5.4.0/avr5\libgcc.a(_clear_bss.o)
                0x000000c4                __do_clear_bss
 *(.init4)
 *(.init5)
 *(.init5)
 *(.init6)
 *(.init6)
 *(.init7)
 *(.init7)
 *(.init8)
 *(.init8)
 *(.init9)
 .init9         0x000000d4        0x8 C:/Program Files (x86)/Atmel/Studio/7.0/Packs/atmel/ATmega_DFP/1.7.374/gcc/dev/atmega32a/avr5/crtatmega32a.o
 *(.init9)
 *(.text)
 .text          0x000000dc        0x4 C:/Program Files (x86)/Atmel/Studio/7.0/Packs/atmel/ATmega_DFP/1.7.374/gcc/dev/atmega32a/avr5/crtatmega32a.o
                0x000000dc                __vector_12
                0x000000dc                __bad_interrupt
                0x000000dc                __vector_13
                0x000000dc                __vector_17
                0x000000dc                __vector_5
                0x000000dc                __vector_4
                0x000000dc                __vector_15
                0x000000dc                __vector_14
                0x000000dc                __vector_18
                0x000000dc                __vector_20
                0x000000e0                . = ALIGN (0x2)
 *(.text.*)
 .text.application_intialize
                0x000000e0       0x16 application.o
                0x000000e0                application_intialize
 .text.func     0x000000f6       0x42 application.o
                0x000000f6                func
 .text.i2c_slave_interrupt_handler
                0x00000138       0x24 application.o
                0x00000138                i2c_slave_interrupt_handler
 .text.main     0x0000015c       0xca application.o
                0x0000015c                main
 .text.led_intialize
                0x00000226       0x50 ECU_Layer/LED/ecu_led.o
                0x00000226                led_intialize
 .text.led_turn_on
                0x00000276       0x52 ECU_Layer/LED/ecu_led.o
                0x00000276                led_turn_on
 .text.led_turn_off
                0x000002c8       0x52 ECU_Layer/LED/ecu_led.o
                0x000002c8                led_turn_off
 .text.ADC_Init
                0x0000031a      0x282 MCAL_Layer/ADC/hal_adc.o
                0x0000031a                ADC_Init
 .text.ADC_ISR  0x0000059c       0x16 MCAL_Layer/ADC/hal_adc.o
                0x0000059c                ADC_ISR
 .text.gpio_pin_direction_intialize
                0x000005b2       0x82 MCAL_Layer/GPIO/hal_gpio.o
                0x000005b2                gpio_pin_direction_intialize
 .text.gpio_pin_write_logic
                0x00000634       0x80 MCAL_Layer/GPIO/hal_gpio.o
                0x00000634                gpio_pin_write_logic
 .text.gpio_pin_intialize
                0x000006b4       0x28 MCAL_Layer/GPIO/hal_gpio.o
                0x000006b4                gpio_pin_intialize
 .text.i2c_master_set_prescaler
                0x000006dc       0x38 MCAL_Layer/I2C/hal_i2c.o
 .text.i2c_master_set_clock
                0x00000714       0x58 MCAL_Layer/I2C/hal_i2c.o
 .text.i2c_interrupt_init
                0x0000076c       0x1c MCAL_Layer/I2C/hal_i2c.o
 .text.i2c_init
                0x00000788       0x5c MCAL_Layer/I2C/hal_i2c.o
                0x00000788                i2c_init
 .text.__vector_19
                0x000007e4       0x56 MCAL_Layer/I2C/hal_i2c.o
                0x000007e4                __vector_19
 .text.INT0_ISR
                0x0000083a       0x16 MCAL_Layer/Interrupt/mcal_external_interrupt.o
                0x0000083a                INT0_ISR
 .text.INT1_ISR
                0x00000850       0x16 MCAL_Layer/Interrupt/mcal_external_interrupt.o
                0x00000850                INT1_ISR
 .text.INT2_ISR
                0x00000866       0x16 MCAL_Layer/Interrupt/mcal_external_interrupt.o
                0x00000866                INT2_ISR
 .text.__vector_1
                0x0000087c       0x48 MCAL_Layer/Interrupt/mcal_interrupt_manger.o
                0x0000087c                __vector_1
 .text.__vector_2
                0x000008c4       0x48 MCAL_Layer/Interrupt/mcal_interrupt_manger.o
                0x000008c4                __vector_2
 .text.__vector_3
                0x0000090c       0x48 MCAL_Layer/Interrupt/mcal_interrupt_manger.o
                0x0000090c                __vector_3
 .text.__vector_16
                0x00000954       0x48 MCAL_Layer/Interrupt/mcal_interrupt_manger.o
                0x00000954                __vector_16
 .text.__vector_10
                0x0000099c       0x48 MCAL_Layer/Interrupt/mcal_interrupt_manger.o
                0x0000099c                __vector_10
 .text.__vector_11
                0x000009e4       0x48 MCAL_Layer/Interrupt/mcal_interrupt_manger.o
                0x000009e4                __vector_11
 .text.__vector_6
                0x00000a2c       0x48 MCAL_Layer/Interrupt/mcal_interrupt_manger.o
                0x00000a2c                __vector_6
 .text.__vector_7
                0x00000a74       0x48 MCAL_Layer/Interrupt/mcal_interrupt_manger.o
                0x00000a74                __vector_7
 .text.__vector_8
                0x00000abc       0x48 MCAL_Layer/Interrupt/mcal_interrupt_manger.o
                0x00000abc                __vector_8
 .text.__vector_9
                0x00000b04       0x48 MCAL_Layer/Interrupt/mcal_interrupt_manger.o
                0x00000b04                __vector_9
 .text.Timer0_Normal_Mode_Select
                0x00000b4c       0x60 MCAL_Layer/Timer0/hal_timer0.o
 .text.Timer0_CTC_Mode_Select
                0x00000bac       0x60 MCAL_Layer/Timer0/hal_timer0.o
 .text.Timer0_Fast_PWM_Mode_Select
                0x00000c0c       0x4c MCAL_Layer/Timer0/hal_timer0.o
 .text.TMR0_Interrupt_Init
                0x00000c58       0x42 MCAL_Layer/Timer0/hal_timer0.o
 .text.Timer0_Init
                0x00000c9a       0xc4 MCAL_Layer/Timer0/hal_timer0.o
                0x00000c9a                Timer0_Init
 .text.Timer0_Set_Duty
                0x00000d5e        0xe MCAL_Layer/Timer0/hal_timer0.o
                0x00000d5e                Timer0_Set_Duty
 .text.TMR0_Compare_ISR
                0x00000d6c       0x16 MCAL_Layer/Timer0/hal_timer0.o
                0x00000d6c                TMR0_Compare_ISR
 .text.TMR0_OverFlow_ISR
                0x00000d82       0x1c MCAL_Layer/Timer0/hal_timer0.o
                0x00000d82                TMR0_OverFlow_ISR
 .text.TMR1_NORMAL_OR_CTC_MODE_SELECT
                0x00000d9e       0xac MCAL_Layer/Timer1/hal_timer1.o
 .text.TMR1_FAST_PWM_MODE_SELECT
                0x00000e4a       0xac MCAL_Layer/Timer1/hal_timer1.o
 .text.TMR1_Interrupt_Init
                0x00000ef6       0x76 MCAL_Layer/Timer1/hal_timer1.o
 .text.Timer1_Init
                0x00000f6c      0x15e MCAL_Layer/Timer1/hal_timer1.o
                0x00000f6c                Timer1_Init
 .text.TMR1_Capture_ISR
                0x000010ca       0x2a MCAL_Layer/Timer1/hal_timer1.o
                0x000010ca                TMR1_Capture_ISR
 .text.TMR1_CompareA_ISR
                0x000010f4       0x2a MCAL_Layer/Timer1/hal_timer1.o
                0x000010f4                TMR1_CompareA_ISR
 .text.TMR1_CompareB_ISR
                0x0000111e       0x2a MCAL_Layer/Timer1/hal_timer1.o
                0x0000111e                TMR1_CompareB_ISR
 .text.TMR1_OverFlow_ISR
                0x00001148       0x16 MCAL_Layer/Timer1/hal_timer1.o
                0x00001148                TMR1_OverFlow_ISR
 .text.LDR_Services_Initialize
                0x0000115e       0x2a Services_Layer/LDR/LDR_interface.o
                0x0000115e                LDR_Services_Initialize
 .text.Lighting_Services_Initialize
                0x00001188       0x12 Services_Layer/Lighting_ECU/lighting_interface.o
                0x00001188                Lighting_Services_Initialize
 .text.Front_Light_Right_ON
                0x0000119a        0xa Services_Layer/Lighting_ECU/lighting_interface.o
                0x0000119a                Front_Light_Right_ON
 .text.Front_Light_Right_OFF
                0x000011a4        0xa Services_Layer/Lighting_ECU/lighting_interface.o
                0x000011a4                Front_Light_Right_OFF
 .text.Front_Light_Left_ON
                0x000011ae        0xa Services_Layer/Lighting_ECU/lighting_interface.o
                0x000011ae                Front_Light_Left_ON
 .text.Front_Light_Left_OFF
                0x000011b8        0xa Services_Layer/Lighting_ECU/lighting_interface.o
                0x000011b8                Front_Light_Left_OFF
 .text.Front_Light_ALL_ON
                0x000011c2       0x12 Services_Layer/Lighting_ECU/lighting_interface.o
                0x000011c2                Front_Light_ALL_ON
 .text.Front_Light_ALL_OFF
                0x000011d4       0x12 Services_Layer/Lighting_ECU/lighting_interface.o
                0x000011d4                Front_Light_ALL_OFF
 .text.Break_Light_Defult
                0x000011e6       0x58 Services_Layer/Lighting_ECU/lighting_interface.o
                0x000011e6                Break_Light_Defult
 .text.Break_Light_Full
                0x0000123e       0x58 Services_Layer/Lighting_ECU/lighting_interface.o
                0x0000123e                Break_Light_Full
 .text.Hazard_Light_Right_ON
                0x00001296       0x5a Services_Layer/Lighting_ECU/lighting_interface.o
                0x00001296                Hazard_Light_Right_ON
 .text.Hazard_Light_Right_OFF
                0x000012f0       0x52 Services_Layer/Lighting_ECU/lighting_interface.o
                0x000012f0                Hazard_Light_Right_OFF
 .text.Hazard_Light_Left_ON
                0x00001342       0x5a Services_Layer/Lighting_ECU/lighting_interface.o
                0x00001342                Hazard_Light_Left_ON
 .text.Hazard_Light_Left_OFF
                0x0000139c       0x52 Services_Layer/Lighting_ECU/lighting_interface.o
                0x0000139c                Hazard_Light_Left_OFF
 .text.Hazard_Light_ALL_ON
                0x000013ee       0x5c Services_Layer/Lighting_ECU/lighting_interface.o
                0x000013ee                Hazard_Light_ALL_ON
 .text.Hazard_Light_ALL_OFF
                0x0000144a       0x54 Services_Layer/Lighting_ECU/lighting_interface.o
                0x0000144a                Hazard_Light_ALL_OFF
 .text.Hazard_Light_Emergancy_ON
                0x0000149e       0x5c Services_Layer/Lighting_ECU/lighting_interface.o
                0x0000149e                Hazard_Light_Emergancy_ON
 .text.Hazard_Light_Emergancy_OFF
                0x000014fa       0x52 Services_Layer/Lighting_ECU/lighting_interface.o
                0x000014fa                Hazard_Light_Emergancy_OFF
 .text.libgcc.div
                0x0000154c       0x44 c:/program files (x86)/atmel/studio/7.0/toolchain/avr8/avr8-gnu-toolchain/bin/../lib/gcc/avr/5.4.0/avr5\libgcc.a(_udivmodsi4.o)
                0x0000154c                __udivmodsi4
 .text.libgcc   0x00001590        0xc c:/program files (x86)/atmel/studio/7.0/toolchain/avr8/avr8-gnu-toolchain/bin/../lib/gcc/avr/5.4.0/avr5\libgcc.a(_tablejump2.o)
                0x00001590                __tablejump2__
                0x0000159c                . = ALIGN (0x2)
 *(.fini9)
 .fini9         0x0000159c        0x0 c:/program files (x86)/atmel/studio/7.0/toolchain/avr8/avr8-gnu-toolchain/bin/../lib/gcc/avr/5.4.0/avr5\libgcc.a(_exit.o)
                0x0000159c                _exit
                0x0000159c                exit
 *(.fini9)
 *(.fini8)
 *(.fini8)
 *(.fini7)
 *(.fini7)
 *(.fini6)
 *(.fini6)
 *(.fini5)
 *(.fini5)
 *(.fini4)
 *(.fini4)
 *(.fini3)
 *(.fini3)
 *(.fini2)
 *(.fini2)
 *(.fini1)
 *(.fini1)
 *(.fini0)
 .fini0         0x0000159c        0x4 c:/program files (x86)/atmel/studio/7.0/toolchain/avr8/avr8-gnu-toolchain/bin/../lib/gcc/avr/5.4.0/avr5\libgcc.a(_exit.o)
 *(.fini0)
                0x000015a0                _etext = .

.data           0x00800060       0x40 load address 0x000015a0
                0x00800060                PROVIDE (__data_start, .)
 *(.data)
 *(.data*)
 .data.slave_i2c_obj
                0x00800060        0xb application.o
                0x00800060                slave_i2c_obj
 .data.port_register
                0x0080006b        0x8 MCAL_Layer/GPIO/hal_gpio.o
                0x0080006b                port_register
 .data.ddr_register
                0x00800073        0x8 MCAL_Layer/GPIO/hal_gpio.o
                0x00800073                ddr_register
 .data.Potentiometer
                0x0080007b        0x6 Services_Layer/LDR/LDR_interface.o
 .data.LDR_4    0x00800081        0x6 Services_Layer/LDR/LDR_interface.o
 .data.LDR_3    0x00800087        0x6 Services_Layer/LDR/LDR_interface.o
 .data.LDR_2    0x0080008d        0x6 Services_Layer/LDR/LDR_interface.o
 .data.LDR_1    0x00800093        0x6 Services_Layer/LDR/LDR_interface.o
 .data.Led_FLL  0x00800099        0x1 Services_Layer/Lighting_ECU/lighting_interface.o
 .data.Led_FLR  0x0080009a        0x1 Services_Layer/Lighting_ECU/lighting_interface.o
 .data.oc1b_cmode
                0x0080009b        0x1 Services_Layer/Lighting_ECU/lighting_interface.o
 .data.oc1a_cmode
                0x0080009c        0x1 Services_Layer/Lighting_ECU/lighting_interface.o
 *(.gnu.linkonce.d*)
 *(.rodata)
 .rodata        0x0080009d        0x1 MCAL_Layer/Timer0/hal_timer0.o
 .rodata        0x0080009e        0x2 MCAL_Layer/Timer1/hal_timer1.o
 *(.rodata*)
 *(.gnu.linkonce.r*)
                0x008000a0                . = ALIGN (0x2)
                0x008000a0                _edata = .
                0x008000a0                PROVIDE (__data_end, .)

.bss            0x008000a0       0x20
                0x008000a0                PROVIDE (__bss_start, .)
 *(.bss)
 *(.bss*)
 .bss.i2c_state
                0x008000a0        0x1 application.o
                0x008000a0                i2c_state
 .bss.ADC_InterruptHandler
                0x008000a1        0x2 MCAL_Layer/ADC/hal_adc.o
 .bss.i2c_interrupt_callback
                0x008000a3        0x2 MCAL_Layer/I2C/hal_i2c.o
 .bss.INT2_InterruptHandler
                0x008000a5        0x2 MCAL_Layer/Interrupt/mcal_external_interrupt.o
 .bss.INT1_InterruptHandler
                0x008000a7        0x2 MCAL_Layer/Interrupt/mcal_external_interrupt.o
 .bss.INT0_InterruptHandler
                0x008000a9        0x2 MCAL_Layer/Interrupt/mcal_external_interrupt.o
 .bss.compare_value
                0x008000ab        0x1 MCAL_Layer/Timer0/hal_timer0.o
 .bss.timer0_preload_value
                0x008000ac        0x1 MCAL_Layer/Timer0/hal_timer0.o
 .bss.TMR0_OverFlow_InterruptHandler
                0x008000ad        0x2 MCAL_Layer/Timer0/hal_timer0.o
 .bss.TMR0_Compare_InterruptHandler
                0x008000af        0x2 MCAL_Layer/Timer0/hal_timer0.o
 .bss.compareB_value
                0x008000b1        0x2 MCAL_Layer/Timer1/hal_timer1.o
 .bss.compareA_value
                0x008000b3        0x2 MCAL_Layer/Timer1/hal_timer1.o
 .bss.capture_value
                0x008000b5        0x2 MCAL_Layer/Timer1/hal_timer1.o
 .bss.TMR1_OverFlow_InterruptHandler
                0x008000b7        0x2 MCAL_Layer/Timer1/hal_timer1.o
 .bss.TMR1_CompareB_InterruptHandler
                0x008000b9        0x2 MCAL_Layer/Timer1/hal_timer1.o
 .bss.TMR1_CompareA_InterruptHandler
                0x008000bb        0x2 MCAL_Layer/Timer1/hal_timer1.o
 .bss.TMR1_Capture_InterruptHandler
                0x008000bd        0x2 MCAL_Layer/Timer1/hal_timer1.o
 *(COMMON)
 COMMON         0x008000bf        0x1 application.o
                0x008000bf                rx_buffer
                0x008000c0                PROVIDE (__bss_end, .)
                0x000015a0                __data_load_start = LOADADDR (.data)
                0x000015e0                __data_load_end = (__data_load_start + SIZEOF (.data))

.noinit         0x008000c0        0x0
                [!provide]                PROVIDE (__noinit_start, .)
 *(.noinit*)
                [!provide]                PROVIDE (__noinit_end, .)
                0x008000c0                _end = .
                [!provide]                PROVIDE (__heap_start, .)

.eeprom         0x00810000        0x0
 *(.eeprom*)
                0x00810000                __eeprom_end = .

.fuse
 *(.fuse)
 *(.lfuse)
 *(.hfuse)
 *(.efuse)

.lock
 *(.lock*)

.signature
 *(.signature*)

.user_signatures
 *(.user_signatures*)

.stab
 *(.stab)

.stabstr
 *(.stabstr)

.stab.excl
 *(.stab.excl)

.stab.exclstr
 *(.stab.exclstr)

.stab.index
 *(.stab.index)

.stab.indexstr
 *(.stab.indexstr)

.comment        0x00000000       0x30
 *(.comment)
 .comment       0x00000000       0x30 application.o
                                 0x31 (size before relaxing)
 .comment       0x00000030       0x31 ECU_Layer/LED/ecu_led.o
 .comment       0x00000030       0x31 MCAL_Layer/ADC/hal_adc.o
 .comment       0x00000030       0x31 MCAL_Layer/GPIO/hal_gpio.o
 .comment       0x00000030       0x31 MCAL_Layer/I2C/hal_i2c.o
 .comment       0x00000030       0x31 MCAL_Layer/Interrupt/mcal_external_interrupt.o
 .comment       0x00000030       0x31 MCAL_Layer/Interrupt/mcal_interrupt_manger.o
 .comment       0x00000030       0x31 MCAL_Layer/Timer0/hal_timer0.o
 .comment       0x00000030       0x31 MCAL_Layer/Timer1/hal_timer1.o
 .comment       0x00000030       0x31 Services_Layer/LDR/LDR_interface.o
 .comment       0x00000030       0x31 Services_Layer/Lighting_ECU/lighting_interface.o

.note.gnu.avr.deviceinfo
                0x00000000       0x3c
 .note.gnu.avr.deviceinfo
                0x00000000       0x3c C:/Program Files (x86)/Atmel/Studio/7.0/Packs/atmel/ATmega_DFP/1.7.374/gcc/dev/atmega32a/avr5/crtatmega32a.o

.note.gnu.build-id
 *(.note.gnu.build-id)

.debug
 *(.debug)

.line
 *(.line)

.debug_srcinfo
 *(.debug_srcinfo)

.debug_sfnames
 *(.debug_sfnames)

.debug_aranges  0x00000000      0x470
 *(.debug_aranges)
 .debug_aranges
                0x00000000       0x38 application.o
 .debug_aranges
                0x00000038       0x38 ECU_Layer/LED/ecu_led.o
 .debug_aranges
                0x00000070       0x60 MCAL_Layer/ADC/hal_adc.o
 .debug_aranges
                0x000000d0       0x68 MCAL_Layer/GPIO/hal_gpio.o
 .debug_aranges
                0x00000138       0x90 MCAL_Layer/I2C/hal_i2c.o
 .debug_aranges
                0x000001c8       0x88 MCAL_Layer/Interrupt/mcal_external_interrupt.o
 .debug_aranges
                0x00000250       0x68 MCAL_Layer/Interrupt/mcal_interrupt_manger.o
 .debug_aranges
                0x000002b8       0x60 MCAL_Layer/Timer0/hal_timer0.o
 .debug_aranges
                0x00000318       0x60 MCAL_Layer/Timer1/hal_timer1.o
 .debug_aranges
                0x00000378       0x58 Services_Layer/LDR/LDR_interface.o
 .debug_aranges
                0x000003d0       0xa0 Services_Layer/Lighting_ECU/lighting_interface.o

.debug_pubnames
 *(.debug_pubnames)

.debug_info     0x00000000     0x4730
 *(.debug_info .gnu.linkonce.wi.*)
 .debug_info    0x00000000      0x4e6 C:/Program Files (x86)/Atmel/Studio/7.0/Packs/atmel/ATmega_DFP/1.7.374/gcc/dev/atmega32a/avr5/crtatmega32a.o
 .debug_info    0x000004e6      0x4e6 application.o
 .debug_info    0x000009cc      0x342 ECU_Layer/LED/ecu_led.o
 .debug_info    0x00000d0e      0x633 MCAL_Layer/ADC/hal_adc.o
 .debug_info    0x00001341      0x4ca MCAL_Layer/GPIO/hal_gpio.o
 .debug_info    0x0000180b      0x54d MCAL_Layer/I2C/hal_i2c.o
 .debug_info    0x00001d58      0x5b0 MCAL_Layer/Interrupt/mcal_external_interrupt.o
 .debug_info    0x00002308      0x261 MCAL_Layer/Interrupt/mcal_interrupt_manger.o
 .debug_info    0x00002569      0x5f9 MCAL_Layer/Timer0/hal_timer0.o
 .debug_info    0x00002b62      0x776 MCAL_Layer/Timer1/hal_timer1.o
 .debug_info    0x000032d8      0x870 Services_Layer/LDR/LDR_interface.o
 .debug_info    0x00003b48      0xbe8 Services_Layer/Lighting_ECU/lighting_interface.o

.debug_abbrev   0x00000000     0x1560
 *(.debug_abbrev)
 .debug_abbrev  0x00000000      0x4a3 C:/Program Files (x86)/Atmel/Studio/7.0/Packs/atmel/ATmega_DFP/1.7.374/gcc/dev/atmega32a/avr5/crtatmega32a.o
 .debug_abbrev  0x000004a3      0x1b3 application.o
 .debug_abbrev  0x00000656      0x113 ECU_Layer/LED/ecu_led.o
 .debug_abbrev  0x00000769      0x1bd MCAL_Layer/ADC/hal_adc.o
 .debug_abbrev  0x00000926      0x14b MCAL_Layer/GPIO/hal_gpio.o
 .debug_abbrev  0x00000a71      0x1a7 MCAL_Layer/I2C/hal_i2c.o
 .debug_abbrev  0x00000c18      0x1be MCAL_Layer/Interrupt/mcal_external_interrupt.o
 .debug_abbrev  0x00000dd6       0x63 MCAL_Layer/Interrupt/mcal_interrupt_manger.o
 .debug_abbrev  0x00000e39      0x1d2 MCAL_Layer/Timer0/hal_timer0.o
 .debug_abbrev  0x0000100b      0x1c3 MCAL_Layer/Timer1/hal_timer1.o
 .debug_abbrev  0x000011ce      0x225 Services_Layer/LDR/LDR_interface.o
 .debug_abbrev  0x000013f3      0x16d Services_Layer/Lighting_ECU/lighting_interface.o

.debug_line     0x00000000     0x2d51
 *(.debug_line .debug_line.* .debug_line_end)
 .debug_line    0x00000000      0x116 C:/Program Files (x86)/Atmel/Studio/7.0/Packs/atmel/ATmega_DFP/1.7.374/gcc/dev/atmega32a/avr5/crtatmega32a.o
 .debug_line    0x00000116      0x3b1 application.o
 .debug_line    0x000004c7      0x1aa ECU_Layer/LED/ecu_led.o
 .debug_line    0x00000671      0x611 MCAL_Layer/ADC/hal_adc.o
 .debug_line    0x00000c82      0x379 MCAL_Layer/GPIO/hal_gpio.o
 .debug_line    0x00000ffb      0x50b MCAL_Layer/I2C/hal_i2c.o
 .debug_line    0x00001506      0x4c4 MCAL_Layer/Interrupt/mcal_external_interrupt.o
 .debug_line    0x000019ca      0x180 MCAL_Layer/Interrupt/mcal_interrupt_manger.o
 .debug_line    0x00001b4a      0x470 MCAL_Layer/Timer0/hal_timer0.o
 .debug_line    0x00001fba      0x588 MCAL_Layer/Timer1/hal_timer1.o
 .debug_line    0x00002542      0x459 Services_Layer/LDR/LDR_interface.o
 .debug_line    0x0000299b      0x3b6 Services_Layer/Lighting_ECU/lighting_interface.o

.debug_frame    0x00000000      0xca0
 *(.debug_frame)
 .debug_frame   0x00000000       0x54 application.o
 .debug_frame   0x00000054       0x94 ECU_Layer/LED/ecu_led.o
 .debug_frame   0x000000e8       0xc4 MCAL_Layer/ADC/hal_adc.o
 .debug_frame   0x000001ac       0xc0 MCAL_Layer/GPIO/hal_gpio.o
 .debug_frame   0x0000026c      0x188 MCAL_Layer/I2C/hal_i2c.o
 .debug_frame   0x000003f4      0x104 MCAL_Layer/Interrupt/mcal_external_interrupt.o
 .debug_frame   0x000004f8      0x384 MCAL_Layer/Interrupt/mcal_interrupt_manger.o
 .debug_frame   0x0000087c       0xc0 MCAL_Layer/Timer0/hal_timer0.o
 .debug_frame   0x0000093c       0xc0 MCAL_Layer/Timer1/hal_timer1.o
 .debug_frame   0x000009fc       0xb0 Services_Layer/LDR/LDR_interface.o
 .debug_frame   0x00000aac      0x1f4 Services_Layer/Lighting_ECU/lighting_interface.o

.debug_str      0x00000000     0x1cba
 *(.debug_str)
 .debug_str     0x00000000      0x196 C:/Program Files (x86)/Atmel/Studio/7.0/Packs/atmel/ATmega_DFP/1.7.374/gcc/dev/atmega32a/avr5/crtatmega32a.o
 .debug_str     0x00000196      0x461 application.o
                                0x4c1 (size before relaxing)
 .debug_str     0x000005f7      0x10d ECU_Layer/LED/ecu_led.o
                                0x29e (size before relaxing)
 .debug_str     0x00000704      0x3ee MCAL_Layer/ADC/hal_adc.o
                                0x589 (size before relaxing)
 .debug_str     0x00000af2      0x15b MCAL_Layer/GPIO/hal_gpio.o
                                0x39d (size before relaxing)
 .debug_str     0x00000c4d      0x17b MCAL_Layer/I2C/hal_i2c.o
                                0x3ff (size before relaxing)
 .debug_str     0x00000dc8      0x278 MCAL_Layer/Interrupt/mcal_external_interrupt.o
                                0x460 (size before relaxing)
 .debug_str     0x00001040      0x10b MCAL_Layer/Interrupt/mcal_interrupt_manger.o
                                0x2a4 (size before relaxing)
 .debug_str     0x0000114b      0x2ef MCAL_Layer/Timer0/hal_timer0.o
                                0x624 (size before relaxing)
 .debug_str     0x0000143a      0x5b5 MCAL_Layer/Timer1/hal_timer1.o
                                0x8d0 (size before relaxing)
 .debug_str     0x000019ef      0x1bd Services_Layer/LDR/LDR_interface.o
                                0x68f (size before relaxing)
 .debug_str     0x00001bac      0x10e Services_Layer/Lighting_ECU/lighting_interface.o
                                0xc7f (size before relaxing)

.debug_loc      0x00000000     0x32e7
 *(.debug_loc)
 .debug_loc     0x00000000       0xaf application.o
 .debug_loc     0x000000af      0x348 ECU_Layer/LED/ecu_led.o
 .debug_loc     0x000003f7      0x5d0 MCAL_Layer/ADC/hal_adc.o
 .debug_loc     0x000009c7      0x496 MCAL_Layer/GPIO/hal_gpio.o
 .debug_loc     0x00000e5d      0x774 MCAL_Layer/I2C/hal_i2c.o
 .debug_loc     0x000015d1      0x670 MCAL_Layer/Interrupt/mcal_external_interrupt.o
 .debug_loc     0x00001c41      0x7ee MCAL_Layer/Interrupt/mcal_interrupt_manger.o
 .debug_loc     0x0000242f      0x37e MCAL_Layer/Timer0/hal_timer0.o
 .debug_loc     0x000027ad      0x28b MCAL_Layer/Timer1/hal_timer1.o
 .debug_loc     0x00002a38      0x37f Services_Layer/LDR/LDR_interface.o
 .debug_loc     0x00002db7      0x530 Services_Layer/Lighting_ECU/lighting_interface.o

.debug_macinfo
 *(.debug_macinfo)

.debug_weaknames
 *(.debug_weaknames)

.debug_funcnames
 *(.debug_funcnames)

.debug_typenames
 *(.debug_typenames)

.debug_varnames
 *(.debug_varnames)

.debug_pubtypes
 *(.debug_pubtypes)

.debug_ranges   0x00000000      0x420
 *(.debug_ranges)
 .debug_ranges  0x00000000       0x28 application.o
 .debug_ranges  0x00000028       0x28 ECU_Layer/LED/ecu_led.o
 .debug_ranges  0x00000050       0x98 MCAL_Layer/ADC/hal_adc.o
 .debug_ranges  0x000000e8       0x58 MCAL_Layer/GPIO/hal_gpio.o
 .debug_ranges  0x00000140       0x80 MCAL_Layer/I2C/hal_i2c.o
 .debug_ranges  0x000001c0       0x78 MCAL_Layer/Interrupt/mcal_external_interrupt.o
 .debug_ranges  0x00000238       0x58 MCAL_Layer/Interrupt/mcal_interrupt_manger.o
 .debug_ranges  0x00000290       0x50 MCAL_Layer/Timer0/hal_timer0.o
 .debug_ranges  0x000002e0       0x50 MCAL_Layer/Timer1/hal_timer1.o
 .debug_ranges  0x00000330       0x60 Services_Layer/LDR/LDR_interface.o
 .debug_ranges  0x00000390       0x90 Services_Layer/Lighting_ECU/lighting_interface.o

.debug_macro
 *(.debug_macro)
OUTPUT(Lighting.elf elf32-avr)
LOAD linker stubs
